../Core/Src/main.c:71:6:HAL_UART_RxCpltCallback	16	static
../Core/Src/main.c:80:5:main	56	static
../Core/Src/main.c:171:6:SystemClock_Config	88	static
../Core/Src/main.c:219:13:MX_UART4_Init	8	static
../Core/Src/main.c:252:13:MX_UART5_Init	8	static
../Core/Src/main.c:285:13:MX_USART2_UART_Init	8	static
../Core/Src/main.c:316:13:MX_DMA_Init	16	static
../Core/Src/main.c:334:13:MX_GPIO_Init	48	static
../Core/Src/main.c:368:5:_write	24	static
../Core/Src/main.c:378:6:Error_Handler	4	static,ignoring_inline_asm
