../Core/Src/main.c:68:6:HAL_UART_RxCpltCallback	16	static
../Core/Src/main.c:75:6:Set_Servo_Angle	32	static
../Core/Src/main.c:85:5:main	72	static
../Core/Src/main.c:198:6:SystemClock_Config	88	static
../Core/Src/main.c:252:13:MX_TIM1_Init	96	static
../Core/Src/main.c:327:13:MX_UART4_Init	8	static
../Core/Src/main.c:360:13:MX_USART2_UART_Init	8	static
../Core/Src/main.c:391:13:MX_DMA_Init	16	static
../Core/Src/main.c:409:13:MX_GPIO_Init	48	static
../Core/Src/main.c:442:5:_write	24	static
../Core/Src/main.c:452:6:Error_Handler	4	static,ignoring_inline_asm
