../Core/Inc/bno055_stm32.h:20:6:bno055_assignI2C	16	static
../Core/Inc/bno055_stm32.h:24:6:bno055_delay	16	static
../Core/Inc/bno055_stm32.h:32:6:bno055_writeData	40	static
../Core/Inc/bno055_stm32.h:96:6:bno055_readData	24	static
../Core/Src/main.c:69:5:main	80	static
../Core/Src/main.c:122:6:SystemClock_Config	88	static
../Core/Src/main.c:169:13:MX_I2C1_Init	8	static
../Core/Src/main.c:203:13:MX_USART2_UART_Init	8	static
../Core/Src/main.c:236:13:MX_GPIO_Init	48	static
../Core/Src/main.c:269:5:_write	24	static
../Core/Src/main.c:279:6:Error_Handler	4	static,ignoring_inline_asm
