../Core/Src/main.c:101:6:map	24	static
../Core/Src/main.c:110:5:main	8	static
../Core/Src/main.c:205:6:SystemClock_Config	88	static
../Core/Src/main.c:253:13:MX_TIM1_Init	96	static
../Core/Src/main.c:328:13:MX_UART4_Init	8	static
../Core/Src/main.c:361:13:MX_USART2_UART_Init	8	static
../Core/Src/main.c:394:13:MX_GPIO_Init	48	static
../Core/Src/main.c:437:6:HAL_UART_RxCpltCallback	120	static
../Core/Src/main.c:519:5:_write	24	static
../Core/Src/main.c:529:6:Error_Handler	4	static,ignoring_inline_asm
