../Core/Src/main.c:122:6:HAL_UART_RxCpltCallback	16	static
../Core/Src/main.c:125:6:map	24	static
../Core/Src/main.c:130:5:constrain	24	static
../Core/Src/main.c:137:6:compute	48	static
../Core/Src/main.c:152:6:SetTunings	48	static
../Core/Src/main.c:165:5:main	96	static
../Core/Src/main.c:397:6:SystemClock_Config	88	static
../Core/Src/main.c:442:13:MX_TIM1_Init	96	static
../Core/Src/main.c:517:13:MX_TIM2_Init	56	static
../Core/Src/main.c:564:13:MX_TIM13_Init	40	static
../Core/Src/main.c:607:13:MX_UART4_Init	8	static
../Core/Src/main.c:638:13:MX_USART2_UART_Init	8	static
../Core/Src/main.c:667:13:MX_DMA_Init	16	static
../Core/Src/main.c:684:13:MX_GPIO_Init	48	static
../Core/Src/main.c:740:5:_write	24	static
../Core/Src/main.c:750:6:Error_Handler	4	static,ignoring_inline_asm
