../Core/Src/main.c:136:6:HAL_UART_RxCpltCallback	16	static
../Core/Src/main.c:139:6:map	24	static
../Core/Src/main.c:144:5:constrain	24	static
../Core/Src/main.c:151:6:compute	48	static
../Core/Src/main.c:166:6:SetTunings	48	static
../Core/Src/main.c:179:5:main	96	static
../Core/Src/main.c:478:6:SystemClock_Config	88	static
../Core/Src/main.c:526:13:MX_TIM1_Init	96	static
../Core/Src/main.c:605:13:MX_TIM2_Init	56	static
../Core/Src/main.c:654:13:MX_TIM13_Init	40	static
../Core/Src/main.c:700:13:MX_UART4_Init	8	static
../Core/Src/main.c:733:13:MX_USART2_UART_Init	8	static
../Core/Src/main.c:764:13:MX_DMA_Init	16	static
../Core/Src/main.c:782:13:MX_GPIO_Init	48	static
../Core/Src/main.c:838:5:_write	24	static
../Core/Src/main.c:848:6:Error_Handler	4	static,ignoring_inline_asm
