../Core/Src/main.c:94:6:map	24	static
../Core/Src/main.c:104:5:main	48	static
../Core/Src/main.c:554:6:SystemClock_Config	88	static
../Core/Src/main.c:609:13:MX_I2C1_Init	8	static
../Core/Src/main.c:643:13:MX_TIM1_Init	32	static
../Core/Src/main.c:689:13:MX_TIM2_Init	64	static
../Core/Src/main.c:748:13:MX_TIM3_Init	64	static
../Core/Src/main.c:811:13:MX_TIM5_Init	32	static
../Core/Src/main.c:856:13:MX_UART4_Init	8	static
../Core/Src/main.c:889:13:MX_GPIO_Init	40	static
../Core/Src/main.c:922:6:Error_Handler	4	static,ignoring_inline_asm
