../Core/Src/main.c:136:6:HAL_UART_RxCpltCallback	16	static
../Core/Src/main.c:139:6:map	24	static
../Core/Src/main.c:144:5:constrain	24	static
../Core/Src/main.c:151:6:compute	48	static
../Core/Src/main.c:166:6:SetTunings	48	static
../Core/Src/main.c:173:6:calulateProjectileEquation	32	static
../Core/Src/main.c:184:5:main	96	static
../Core/Src/main.c:460:6:SystemClock_Config	88	static
../Core/Src/main.c:505:13:MX_TIM1_Init	96	static
../Core/Src/main.c:580:13:MX_TIM2_Init	56	static
../Core/Src/main.c:627:13:MX_TIM13_Init	40	static
../Core/Src/main.c:670:13:MX_UART4_Init	8	static
../Core/Src/main.c:701:13:MX_USART2_UART_Init	8	static
../Core/Src/main.c:730:13:MX_DMA_Init	16	static
../Core/Src/main.c:747:13:MX_GPIO_Init	48	static
../Core/Src/main.c:804:5:_write	24	static
../Core/Src/main.c:814:6:Error_Handler	4	static,ignoring_inline_asm
