../Core/Src/main.c:112:6:HAL_UART_RxCpltCallback	16	static
../Core/Src/main.c:121:5:main	8	static
../Core/Src/main.c:264:6:SystemClock_Config	88	static
../Core/Src/main.c:319:13:MX_I2C1_Init	8	static
../Core/Src/main.c:353:13:MX_TIM1_Init	56	static
../Core/Src/main.c:403:13:MX_TIM2_Init	56	static
../Core/Src/main.c:452:13:MX_TIM3_Init	56	static
../Core/Src/main.c:501:13:MX_TIM5_Init	56	static
../Core/Src/main.c:550:13:MX_TIM8_Init	32	static
../Core/Src/main.c:596:13:MX_TIM13_Init	40	static
../Core/Src/main.c:642:13:MX_UART4_Init	8	static
../Core/Src/main.c:675:13:MX_USART2_UART_Init	8	static
../Core/Src/main.c:706:13:MX_DMA_Init	16	static
../Core/Src/main.c:724:13:MX_GPIO_Init	48	static
../Core/Src/main.c:780:5:_write	24	static
../Core/Src/main.c:790:6:Error_Handler	4	static,ignoring_inline_asm
