../Core/Src/main.c:91:6:HAL_UART_RxCpltCallback	16	static
../Core/Src/main.c:100:5:main	8	static
../Core/Src/main.c:208:6:SystemClock_Config	88	static
../Core/Src/main.c:256:13:MX_TIM5_Init	64	static
../Core/Src/main.c:315:13:MX_TIM8_Init	32	static
../Core/Src/main.c:361:13:MX_TIM10_Init	40	static
../Core/Src/main.c:407:13:MX_TIM11_Init	40	static
../Core/Src/main.c:453:13:MX_TIM13_Init	40	static
../Core/Src/main.c:499:13:MX_UART4_Init	8	static
../Core/Src/main.c:532:13:MX_USART2_UART_Init	8	static
../Core/Src/main.c:563:13:MX_DMA_Init	16	static
../Core/Src/main.c:581:13:MX_GPIO_Init	48	static
../Core/Src/main.c:645:5:_write	24	static
../Core/Src/main.c:655:6:Error_Handler	4	static,ignoring_inline_asm
