../Core/Src/main.c:211:6:init_i2c_slave	8	static
../Core/Src/main.c:226:6:HAL_I2C_SlaveRxCpltCallback	16	static
../Core/Src/main.c:244:6:HAL_I2C_ErrorCallback	16	static
../Core/Src/main.c:268:9:check_i2c_communication	16	static
../Core/Src/main.c:293:6:process_i2c_data	8	static
../Core/Src/main.c:353:6:map	24	static
../Core/Src/main.c:396:6:resetEncoders	4	static
../Core/Src/main.c:402:6:stopEncoders	8	static
../Core/Src/main.c:408:6:startEncoders	8	static
../Core/Src/main.c:414:7:constrain	24	static
../Core/Src/main.c:424:6:rectToPolar	16	static
../Core/Src/main.c:447:6:compute3wheel	72	static
../Core/Src/main.c:469:6:applyDeceleration	40	static
../Core/Src/main.c:508:6:Set_Servo_Angle	32	static
../Core/Src/main.c:518:5:main	152	static
../Core/Src/main.c:832:6:SystemClock_Config	88	static
../Core/Src/main.c:883:13:MX_I2C1_Init	8	static
../Core/Src/main.c:915:13:MX_I2C2_Init	8	static
../Core/Src/main.c:947:13:MX_TIM1_Init	96	static
../Core/Src/main.c:1026:13:MX_TIM2_Init	56	static
../Core/Src/main.c:1073:13:MX_TIM3_Init	80	static
../Core/Src/main.c:1133:13:MX_TIM5_Init	56	static
../Core/Src/main.c:1180:13:MX_TIM8_Init	56	static
../Core/Src/main.c:1228:13:MX_TIM10_Init	40	static
../Core/Src/main.c:1271:13:MX_TIM11_Init	40	static
../Core/Src/main.c:1314:13:MX_TIM12_Init	56	static
../Core/Src/main.c:1362:13:MX_TIM13_Init	40	static
../Core/Src/main.c:1405:13:MX_TIM14_Init	40	static
../Core/Src/main.c:1448:13:MX_USART2_UART_Init	8	static
../Core/Src/main.c:1479:13:MX_GPIO_Init	48	static
../Core/Src/main.c:1539:5:_write	24	static
../Core/Src/main.c:1549:6:Error_Handler	4	static,ignoring_inline_asm
