../Core/Src/main.c:74:6:HAL_UART_RxCpltCallback	16	static
../Core/Src/main.c:116:5:main	8	static
../Core/Src/main.c:193:6:SystemClock_Config	88	static
../Core/Src/main.c:248:13:MX_TIM1_Init	32	static
../Core/Src/main.c:294:13:MX_TIM2_Init	64	static
../Core/Src/main.c:353:13:MX_TIM3_Init	64	static
../Core/Src/main.c:416:13:MX_TIM5_Init	32	static
../Core/Src/main.c:461:13:MX_UART4_Init	8	static
../Core/Src/main.c:492:13:MX_DMA_Init	16	static
../Core/Src/main.c:510:13:MX_GPIO_Init	40	static
../Core/Src/main.c:542:6:Error_Handler	4	static,ignoring_inline_asm
