../Core/Inc/bno055_stm32.h:20:6:bno055_assignI2C	16	static
../Core/Inc/bno055_stm32.h:24:6:bno055_delay	16	static
../Core/Inc/bno055_stm32.h:32:6:bno055_writeData	40	static
../Core/Inc/bno055_stm32.h:96:6:bno055_readData	24	static
../Core/Src/main.c:179:6:HAL_UART_RxCpltCallback	16	static
../Core/Src/main.c:182:6:map	24	static
../Core/Src/main.c:188:6:update_odometry	40	static
../Core/Src/main.c:225:6:resetEncoders	4	static
../Core/Src/main.c:231:6:stopEncoders	8	static
../Core/Src/main.c:237:6:startEncoders	8	static
../Core/Src/main.c:248:5:main	88	static
../Core/Src/main.c:668:6:SystemClock_Config	88	static
../Core/Src/main.c:719:13:MX_I2C1_Init	8	static
../Core/Src/main.c:751:13:MX_TIM1_Init	56	static
../Core/Src/main.c:799:13:MX_TIM2_Init	56	static
../Core/Src/main.c:846:13:MX_TIM3_Init	56	static
../Core/Src/main.c:893:13:MX_TIM5_Init	64	static
../Core/Src/main.c:952:13:MX_TIM8_Init	56	static
../Core/Src/main.c:1000:13:MX_TIM10_Init	40	static
../Core/Src/main.c:1043:13:MX_TIM11_Init	40	static
../Core/Src/main.c:1086:13:MX_TIM12_Init	56	static
../Core/Src/main.c:1134:13:MX_TIM13_Init	40	static
../Core/Src/main.c:1177:13:MX_UART4_Init	8	static
../Core/Src/main.c:1208:13:MX_USART2_UART_Init	8	static
../Core/Src/main.c:1237:13:MX_DMA_Init	16	static
../Core/Src/main.c:1254:13:MX_GPIO_Init	48	static
../Core/Src/main.c:1313:5:_write	24	static
../Core/Src/main.c:1323:6:Error_Handler	4	static,ignoring_inline_asm
