../Core/Src/main.c:103:6:HAL_UART_RxCpltCallback	1
../Core/Src/main.c:109:6:map	1
../Core/Src/main.c:119:5:main	40
../Core/Src/main.c:460:6:SystemClock_Config	4
../Core/Src/main.c:515:13:MX_DAC_Init	4
../Core/Src/main.c:562:13:MX_I2C1_Init	2
../Core/Src/main.c:596:13:MX_TIM1_Init	3
../Core/Src/main.c:646:13:MX_TIM2_Init	3
../Core/Src/main.c:695:13:MX_TIM3_Init	3
../Core/Src/main.c:744:13:MX_TIM5_Init	6
../Core/Src/main.c:801:13:MX_TIM8_Init	3
../Core/Src/main.c:851:13:MX_TIM11_Init	4
../Core/Src/main.c:897:13:MX_TIM13_Init	4
../Core/Src/main.c:943:13:MX_UART4_Init	2
../Core/Src/main.c:974:13:MX_DMA_Init	1
../Core/Src/main.c:992:13:MX_GPIO_Init	1
../Core/Src/main.c:1028:6:Error_Handler	1
